// Jest Snapshot v1, https://goo.gl/fbAQLP

exports[`<Layout /> exepct to render 1`] = `
<div
  styleName="Layout"
>
  This is the children.
</div>
`;
